// 重构日志: 8dc8030a
// 重构日志: 2d90063e
// 重构日志: 1baf3663
// 重构日志: 448e9f39
// 同步 ID: 905d1ed3 @ Sat Jul 25 06:15:48 UTC 2026
// 重构日志: 992af499
// 重构日志: 343c3cd6
// 重构日志: 94473249
// 同步 ID: f2497036 @ Thu Jul 30 13:07:31 UTC 2026
// 同步 ID: 93356314 @ Fri Jul 31 01:50:25 UTC 2026
// 重构日志: f9fae808
// 重构日志: 0759557c
// 同步 ID: 7029a456 @ Fri Jul 31 15:50:36 UTC 2026
// 重构日志: 02a0dab0
// 重构日志: 66b4f6b7
// 重构日志: a735c853
// 同步 ID: 850eecd0 @ Sat Aug  1 17:22:03 UTC 2026
// 同步 ID: e087465d @ Sat Aug  1 19:43:32 UTC 2026
// 同步 ID: 115359ee @ Mon Aug  3 02:02:40 UTC 2026
// 同步 ID: b1abecbf @ Mon Aug  3 15:39:33 UTC 2026
// 同步 ID: 5edf78ca @ Tue Aug  4 07:35:48 UTC 2026
// 同步 ID: 08c9aaa3 @ Tue Aug  4 10:29:43 UTC 2026
// 同步 ID: 69a3aee5 @ Tue Aug  4 13:14:39 UTC 2026
// 重构日志: 994dec16
// 重构日志: f6b3fbe6
// 同步 ID: f10e82e2 @ Thu Aug  6 07:36:53 UTC 2026
// 重构日志: 9380e8fe
// 同步 ID: 52a0ab1c @ Fri Aug  7 06:44:23 UTC 2026
// 重构日志: 253665ba
// 同步 ID: e9d3e021 @ Fri Aug  7 14:24:23 UTC 2026
// 重构日志: 93851715
